adsfa
adsfa
